[maxartkiller.com/website/finwallapp2/HTML/splash.html]
[backblue.gif]
[fade.gif]
[index.html]
[maxartkiller.com/website/finwallapp2/HTML/manifest.json]
[maxartkiller.com/website/finwallapp2/HTML/assets/img/favicon180.png]
[maxartkiller.com/website/finwallapp2/HTML/assets/img/favicon32.png]
[maxartkiller.com/website/finwallapp2/HTML/assets/img/favicon16.png]
[maxartkiller.com/website/finwallapp2/HTML/assets/img/splash2.png]
[maxartkiller.com/website/finwallapp2/HTML/landing.html]
[maxartkiller.com/website/finwallapp2/HTML/assets/js/jquery-3.3.1.min.js]
[maxartkiller.com/website/finwallapp2/HTML/assets/js/popper.min.js]
[maxartkiller.com/website/finwallapp2/HTML/assets/vendor/bootstrap-5/js/bootstrap.bundle.min.js]
[maxartkiller.com/website/finwallapp2/HTML/assets/js/app.js]
[maxartkiller.com/website/finwallapp2/HTML/assets/js/main.js]
[maxartkiller.com/website/finwallapp2/HTML/assets/js/color-scheme.js]
[maxartkiller.com/website/finwallapp2/HTML/assets/js/pwa-services.js]
[maxartkiller.com/website/finwallapp2/HTML/splash.html]
[maxartkiller.com/website/finwallapp2/HTML/assets/img/bg1.png]
[maxartkiller.com/website/finwallapp2/HTML/assets/img/bg2.png]
[maxartkiller.com/website/finwallapp2/HTML/assets/img/bg3.png]
[maxartkiller.com/website/finwallapp2/HTML/assets/img/bg1-dark.png]
[maxartkiller.com/website/finwallapp2/HTML/assets/img/bg2-dark.png]
[maxartkiller.com/website/finwallapp2/HTML/assets/img/bg3-dark.png]
[maxartkiller.com/website/finwallapp2/HTML/assets/css/style.css]
[cdn.jsdelivr.net/npm/bootstrap-icons@1.5.0/font/bootstrap-icons.css]
[maxartkiller.com/website/finwallapp2/HTML/assets/img/logo.png]
[maxartkiller.com/website/finwallapp2/HTML/signin.html]
[maxartkiller.com/website/finwallapp2/HTML/assets/img/introimg.png]
[maxartkiller.com/website/finwallapp2/HTML/assets/img/intro2img.png]
[maxartkiller.com/website/finwallapp2/HTML/assets/img/hand.png]
[maxartkiller.com/website/finwallapp2/HTML/assets/img/hands2.png]
[maxartkiller.com/website/finwallapp2/HTML/signup.html]
[maxartkiller.com/website/finwallapp2/HTML/assets/vendor/swiperjs-6.6.2/swiper-bundle.min.js]
[maxartkiller.com/website/finwallapp2/HTML/landing.html]
[cdn.jsdelivr.net/npm/bootstrap-icons@1.5.0/font/fonts/bootstrap-icons63f3.woff2]
[cdn.jsdelivr.net/npm/bootstrap-icons@1.5.0/font/fonts/bootstrap-icons63f3.woff]
[cdn.jsdelivr.net/npm/bootstrap-icons@1.5.0/font/bootstrap-icons.css]
[maxartkiller.com/website/finwallapp2/HTML/assets/vendor/swiperjs-6.6.2/swiper-bundle.min.css]
[maxartkiller.com/website/finwallapp2/HTML/forgot-password.html]
[maxartkiller.com/website/finwallapp2/HTML/index.html]
[maxartkiller.com/website/finwallapp2/HTML/signin.html]
[maxartkiller.com/website/finwallapp2/HTML/verify.html]
[maxartkiller.com/website/finwallapp2/HTML/signup.html]
[maxartkiller.com/website/finwallapp2/HTML/reset-password.html]
[maxartkiller.com/website/finwallapp2/HTML/forgot-password.html]
[maxartkiller.com/website/finwallapp2/HTML/assets/img/user1.jpg]
[maxartkiller.com/website/finwallapp2/HTML/shop.html]
[maxartkiller.com/website/finwallapp2/HTML/products.html]
[maxartkiller.com/website/finwallapp2/HTML/product.html]
[maxartkiller.com/website/finwallapp2/HTML/cart.html]
[maxartkiller.com/website/finwallapp2/HTML/myorders.html]
[maxartkiller.com/website/finwallapp2/HTML/payment.html]
[maxartkiller.com/website/finwallapp2/HTML/invoice.html]
[maxartkiller.com/website/finwallapp2/HTML/chat.html]
[maxartkiller.com/website/finwallapp2/HTML/notifications.html]
[maxartkiller.com/website/finwallapp2/HTML/blog.html]
[maxartkiller.com/website/finwallapp2/HTML/style.html]
[maxartkiller.com/website/finwallapp2/HTML/pages.html]
[maxartkiller.com/website/finwallapp2/HTML/profile.html]
[maxartkiller.com/website/finwallapp2/HTML/pay.html]
[maxartkiller.com/website/finwallapp2/HTML/sendmoney.html]
[maxartkiller.com/website/finwallapp2/HTML/receivemoney.html]
[maxartkiller.com/website/finwallapp2/HTML/withdraw.html]
[maxartkiller.com/website/finwallapp2/HTML/bills.html]
[maxartkiller.com/website/finwallapp2/HTML/addmoney.html]
[maxartkiller.com/website/finwallapp2/HTML/rewards.html]
[maxartkiller.com/website/finwallapp2/HTML/userlist.html]
[maxartkiller.com/website/finwallapp2/HTML/assets/img/user4.jpg]
[maxartkiller.com/website/finwallapp2/HTML/assets/img/user2.jpg]
[maxartkiller.com/website/finwallapp2/HTML/assets/img/user3.jpg]
[maxartkiller.com/website/finwallapp2/HTML/assets/img/company2.png]
[maxartkiller.com/website/finwallapp2/HTML/assets/img/company3.jpg]
[maxartkiller.com/website/finwallapp2/HTML/assets/img/company4.jpg]
[maxartkiller.com/website/finwallapp2/HTML/assets/img/company5.png]
[maxartkiller.com/website/finwallapp2/HTML/assets/img/image1.png]
[maxartkiller.com/website/finwallapp2/HTML/assets/img/image4.jpg]
[maxartkiller.com/website/finwallapp2/HTML/assets/img/offerbg.png]
[maxartkiller.com/website/finwallapp2/HTML/blogdetails.html]
[maxartkiller.com/website/finwallapp2/HTML/assets/img/news.jpg]
[maxartkiller.com/website/finwallapp2/HTML/assets/img/news1.jpg]
[maxartkiller.com/website/finwallapp2/HTML/assets/img/news2.jpg]
[maxartkiller.com/website/finwallapp2/HTML/stats.html]
[maxartkiller.com/website/finwallapp2/HTML/wallet.html]
[maxartkiller.com/website/finwallapp2/HTML/assets/img/QRCode.png]
[maxartkiller.com/website/finwallapp2/HTML/assets/vendor/chart-js-3.3.1/chart.min.js]
[maxartkiller.com/website/finwallapp2/HTML/assets/vendor/progressbar-js/progressbar.min.js]
[maxartkiller.com/website/finwallapp2/HTML/index.html]
[maxartkiller.com/website/finwallapp2/HTML/assets/img/progress.png]
[maxartkiller.com/website/finwallapp2/HTML/thankyou2.html]
[maxartkiller.com/website/finwallapp2/HTML/verify.html]
[maxartkiller.com/website/finwallapp2/HTML/thankyou.html]
[maxartkiller.com/website/finwallapp2/HTML/reset-password.html]
[maxartkiller.com/website/finwallapp2/HTML/assets/img/categories1.png]
[maxartkiller.com/website/finwallapp2/HTML/assets/img/categories2.png]
[maxartkiller.com/website/finwallapp2/HTML/assets/img/categories3.png]
[maxartkiller.com/website/finwallapp2/HTML/assets/img/categories4.png]
[maxartkiller.com/website/finwallapp2/HTML/assets/img/categories5.png]
[maxartkiller.com/website/finwallapp2/HTML/assets/img/apple-watch.png]
[maxartkiller.com/website/finwallapp2/HTML/assets/img/visa.png]
[maxartkiller.com/website/finwallapp2/HTML/assets/img/categories3.jpg]
[cdn.jsdelivr.net/momentjs/latest/moment.min.js]
[maxartkiller.com/website/finwallapp2/HTML/assets/vendor/daterangepicker/daterangepicker.js]
[maxartkiller.com/website/finwallapp2/HTML/assets/vendor/nouislider/nouislider.min.js]
[maxartkiller.com/website/finwallapp2/HTML/shop.html]
[maxartkiller.com/website/finwallapp2/HTML/products.html]
[maxartkiller.com/website/finwallapp2/HTML/product.html]
[maxartkiller.com/website/finwallapp2/HTML/address.html]
[maxartkiller.com/website/finwallapp2/HTML/cart.html]
[maxartkiller.com/website/finwallapp2/HTML/track.html]
[maxartkiller.com/website/finwallapp2/HTML/myorders.html]
[maxartkiller.com/website/finwallapp2/HTML/assets/img/maestro.png]
[maxartkiller.com/website/finwallapp2/HTML/payment.html]
[maxartkiller.com/website/finwallapp2/HTML/invoice.html]
[maxartkiller.com/website/finwallapp2/HTML/message.html]
[maxartkiller.com/website/finwallapp2/HTML/chat.html]
[maxartkiller.com/website/finwallapp2/HTML/notifications.html]
[maxartkiller.com/website/finwallapp2/HTML/assets/img/news3.jpg]
[maxartkiller.com/website/finwallapp2/HTML/blog.html]
[maxartkiller.com/website/finwallapp2/HTML/assets/img/darkbg-1.png]
[maxartkiller.com/website/finwallapp2/HTML/assets/img/darkbg-2.png]
[maxartkiller.com/website/finwallapp2/HTML/assets/img/darkbg-3.png]
[maxartkiller.com/website/finwallapp2/HTML/assets/img/setting-menu-1@2x.png]
[maxartkiller.com/website/finwallapp2/HTML/assets/img/setting-menu-2@2x.png]
[maxartkiller.com/website/finwallapp2/HTML/assets/img/setting-menu-3@2x.png]
[maxartkiller.com/website/finwallapp2/HTML/style.html]
[maxartkiller.com/website/finwallapp2/HTML/aboutus.html]
[maxartkiller.com/website/finwallapp2/HTML/404.html]
[maxartkiller.com/website/finwallapp2/HTML/faqs.html]
[maxartkiller.com/website/finwallapp2/HTML/timeline.html]
[maxartkiller.com/website/finwallapp2/HTML/contactus.html]
[maxartkiller.com/website/finwallapp2/HTML/termsandconditions.html]
[maxartkiller.com/website/finwallapp2/HTML/allreceivemoney.html]
[maxartkiller.com/website/finwallapp2/HTML/signup2.html]
[maxartkiller.com/website/finwallapp2/HTML/addaddress.html]
[maxartkiller.com/website/finwallapp2/HTML/pages.html]
[maxartkiller.com/website/finwallapp2/HTML/assets/img/map@2x.png]
[maxartkiller.com/website/finwallapp2/HTML/assets/img/image2.jpg]
[maxartkiller.com/website/finwallapp2/HTML/assets/img/image3.jpg]
[maxartkiller.com/website/finwallapp2/HTML/profile.html]
[maxartkiller.com/website/finwallapp2/HTML/pay.html]
[maxartkiller.com/website/finwallapp2/HTML/assets/img/card-bg.png]
[maxartkiller.com/website/finwallapp2/HTML/thankyou3.html]
[maxartkiller.com/website/finwallapp2/HTML/sendmoney.html]
[maxartkiller.com/website/finwallapp2/HTML/receivemoney.html]
[maxartkiller.com/website/finwallapp2/HTML/withdraw.html]
[maxartkiller.com/website/finwallapp2/HTML/bills.html]
[maxartkiller.com/website/finwallapp2/HTML/addmoney.html]
[maxartkiller.com/website/finwallapp2/HTML/assets/img/company2-50.png]
[maxartkiller.com/website/finwallapp2/HTML/rewards.html]
[maxartkiller.com/website/finwallapp2/HTML/userlist.html]
[maxartkiller.com/website/finwallapp2/HTML/paybill.html]
[maxartkiller.com/website/finwallapp2/HTML/blogdetails.html]
[maxartkiller.com/website/finwallapp2/HTML/stats.html]
[maxartkiller.com/website/finwallapp2/HTML/assets/img/company6.png]
[maxartkiller.com/website/finwallapp2/HTML/assets/img/company7.jpg]
[maxartkiller.com/website/finwallapp2/HTML/wallet.html]
[maxartkiller.com/website/finwallapp2/HTML/thankyou2.html]
[maxartkiller.com/website/finwallapp2/HTML/assets/img/lock.png]
[maxartkiller.com/website/finwallapp2/HTML/thankyou.html]
[maxartkiller.com/website/finwallapp2/HTML/assets/vendor/nouislider/nouislider.min.css]
[maxartkiller.com/website/finwallapp2/HTML/assets/vendor/daterangepicker/daterangepicker.css]
[maxartkiller.com/website/finwallapp2/HTML/_assets/img/offerbg.html]
[maxartkiller.com/website/finwallapp2/HTML/address.html]
[maxartkiller.com/website/finwallapp2/HTML/track.html]
[maxartkiller.com/website/finwallapp2/HTML/message.html]
[maxartkiller.com/website/finwallapp2/HTML/aboutus.html]
[maxartkiller.com/website/finwallapp2/HTML/404.html]
[maxartkiller.com/website/finwallapp2/HTML/faqs.html]
[maxartkiller.com/website/finwallapp2/HTML/timeline.html]
[maxartkiller.com/website/finwallapp2/HTML/contactus.html]
[maxartkiller.com/website/finwallapp2/HTML/termsandconditions.html]
[maxartkiller.com/website/finwallapp2/HTML/allreceivemoney.html]
[maxartkiller.com/website/finwallapp2/HTML/signup2.html]
[maxartkiller.com/website/finwallapp2/HTML/addaddress.html]
[maxartkiller.com/website/finwallapp2/HTML/thankyou3.html]
[maxartkiller.com/website/finwallapp2/HTML/sendmoney3.html]
[maxartkiller.com/website/finwallapp2/HTML/addcurrency.html]
[maxartkiller.com/website/finwallapp2/HTML/assets/img/checkmark.svg]
[maxartkiller.com/website/finwallapp2/HTML/addresses.html]
[maxartkiller.com/website/finwallapp2/HTML/assets/img/404.svg]
[maxartkiller.com/website/finwallapp2/HTML/transactions.html]
[maxartkiller.com/website/finwallapp2/HTML/changeaddress.html]
